// Jest Snapshot v1, https://goo.gl/fbAQLP

exports[`Header renders correctly 1`] = `
<body>
  <div>
    <div
      class="p-5 bg-blue-500 text-white -text-3xl font-bold"
    >
      <a
        aria-current="page"
        class="px-3 inline-block align-baseline font-bold text-sm active"
        data-testid="to-list"
        href="/"
      >
        List All Todo
      </a>
      <a
        class="px-3 inline-block align-baseline font-bold text-sm"
        data-testid="to-form"
        href="/create"
      >
        Create Todo Item
      </a>
    </div>
  </div>
</body>
`;
